// Jest Snapshot v1, https://goo.gl/fbAQLP

exports[`Form Generator basic mounting It should create a basic input 1`] = `ShallowWrapper {}`;
